// Jest Snapshot v1, https://goo.gl/fbAQLP

exports[`The Bridge route list should render the routes, when a error occurs 1`] = `"[object DocumentFragment]"`;

exports[`The Bridge route list should render the routes, when all of them have errors 1`] = `"[object DocumentFragment]"`;

exports[`The Bridge route list should render with routes 1`] = `"[object DocumentFragment]"`;
