// Jest Snapshot v1, https://goo.gl/fbAQLP

exports[`The Bridge route item should render correctly 1`] = `
<DocumentFragment>
  <div
    aria-expanded="false"
    aria-label="select route"
    class="sc-crHmcD haCQkc sc-egiyK crsdKY"
    role="button"
    tabindex="0"
  >
    <div
      class="sc-bdvvtL sc-jRQBWg fGXmcv fAOTCB sc-gKclnd ebgUKt"
    >
      <div
        class="sc-iCfMLu jHmZzF"
      >
        <div
          class="sc-furwcr ejwoJX"
        >
          <svg
            class="amount__icon"
            color="#FFFFFF"
            height="3.2rem"
            id="1055.9308428772297"
            width="2.8rem"
          >
            eth.svg
          </svg>
          <span
            class="amount__number"
          >
            0.0001
          </span>
        </div>
        <div
          class="sc-pVTFL kPlIfM"
        >
          <svg
            class="arrow__icon"
            color="#FFFFFF"
            height="1.8rem"
            id="6224.103823117506"
            width="2.1rem"
          >
            double-arrow-right.svg
          </svg>
        </div>
        <div
          class="sc-jrQzAO dxiNdQ"
        >
          <svg
            class="chain__icon chain__icon--sm"
            color="#FFFFFF"
            height="2.6rem"
            id="1215.8412991164969"
            width="2.6rem"
          >
            polygon.svg
          </svg>
          <p
            class="chain__name"
          >
            Polygon
          </p>
          <div
            class="chain__group"
          >
            <span>
              <svg
                class="network__icon"
                color="#FFFFFF"
                height="2.6rem"
                id="3233.7981763404423"
                width="2.6rem"
              >
                polygon.svg
              </svg>
            </span>
            <span>
              Polygon
            </span>
          </div>
        </div>
        <div
          class="sc-pVTFL kPlIfM"
        >
          <svg
            class="arrow__icon"
            color="#FFFFFF"
            height="1.8rem"
            id="2905.156973432092"
            width="2.1rem"
          >
            double-arrow-right.svg
          </svg>
        </div>
        <div
          class="sc-furwcr bwENRV"
        >
          <svg
            class="amount__icon"
            color="#FFFFFF"
            height="3.2rem"
            id="5975.017822179615"
            width="2.8rem"
          >
            eth.svg
          </svg>
          <span
            class="amount__number"
          >
            0.0001
          </span>
        </div>
      </div>
    </div>
  </div>
</DocumentFragment>
`;
